// 重构日志: c95ab39a
// 同步 ID: b931d027 @ Wed Jul 22 05:40:48 UTC 2026
// 重构日志: 42cc85fa
// 重构日志: d4324c59
// 重构日志: 25922de5
// 重构日志: d9006d99
// 重构日志: 8d0d2e22
// 同步 ID: e7d742af @ Fri Jul 24 14:28:18 UTC 2026
// 同步 ID: 2ae634d0 @ Sat Jul 25 01:51:43 UTC 2026
// 同步 ID: d1afd4e3 @ Sat Jul 25 08:03:51 UTC 2026
// 重构日志: 0260ce42
// 同步 ID: 4ea82b56 @ Sun Jul 26 05:09:44 UTC 2026
// 重构日志: cb176046
// 重构日志: 4fb4434d
// 重构日志: dab23817
// 重构日志: 74291423
// 同步 ID: c6335595 @ Tue Jul 28 11:38:10 UTC 2026
// 同步 ID: 04e92e5d @ Wed Jul 29 11:06:32 UTC 2026
// 重构日志: 90852741
// 重构日志: d7b42034
// 重构日志: b6cf5c0d
// 重构日志: 63d9d854
// 同步 ID: bcf8c97b @ Mon Aug  3 12:58:21 UTC 2026
// 同步 ID: 3092f801 @ Mon Aug  3 22:10:19 UTC 2026
// 重构日志: 981d949d
// 重构日志: da05a159
// 重构日志: 95d2cc77
// 同步 ID: fee0fc8e @ Fri Aug  7 10:32:46 UTC 2026
// 同步 ID: 8e1d7fa1 @ Sat Aug  8 06:24:05 UTC 2026
// 同步 ID: 1abb7559 @ Sat Aug  8 09:46:40 UTC 2026
